// Jest Snapshot v1, https://goo.gl/fbAQLP

exports[`Header component renders Header presenational component 1`] = `[Function]`;
