// Jest Snapshot v1, https://goo.gl/fbAQLP

exports[`Response component renders Response presenational component 1`] = `[Function]`;
