// Jest Snapshot v1, https://goo.gl/fbAQLP

exports[`PastRequest presentational component renders PastRequest 1`] = `
<DocumentFragment>
  <div
    class="PastRequest"
  >
    <p>
      GET
    </p>
    <p>
      http://www.request.com
    </p>
  </div>
</DocumentFragment>
`;
