// Jest Snapshot v1, https://goo.gl/fbAQLP

exports[`PastRequestList component renders PastRequestList presenational component 1`] = `[Function]`;
